{
  "connection_id": "127.0.0.1:64304 -> 127.0.0.1:9001",
  "timeline": {
    "first_seen": "2025-05-18 15:53:05.738632",
    "last_seen": "2025-05-18 15:53:30.635535"
  },
  "packet_count": 5004,
  "total_size": 23890,
  "md5_hash": "8ee216ce67c778accda0a524adc35cb6",
  "payload_preview": "0\n1\n2\n3\n4\n5\n6\n7\n8\n9\n10\n11\n12\n13\n14\n15\n16\n17\n18\n19\n20\n21\n22\n23\n24\n25\n26\n27\n28\n29\n30\n31\n32\n33\n34\n35\n36\n37\n38\n39\n40\n41\n42\n43\n44\n45\n46\n47\n48\n49\n50\n51\n52\n53\n54\n55\n56\n57\n58\n59\n60\n61\n62\n63\n64\n65\n66\n67\n68\n69\n70\n71\n72\n73\n74\n75\n76\n77\n78\n79\n80\n81\n82\n83\n84\n85\n86\n87\n88\n89\n90\n91\n92\n93\n94\n95\n96\n97\n98\n99\n100\n101\n102\n103\n104\n105\n106\n107\n108\n109\n110\n111\n112\n113\n114\n115\n116\n117\n118\n119\n120\n121\n122\n123\n124\n125\n126\n127\n128\n129\n130\n131\n132\n133\n134\n135\n136\n137\n138\n139\n140\n141\n142\n143\n144\n145\n146\n147\n148\n149\n150\n151\n15",
  "full_payload_truncated": true
}

{
  "connection_id": "127.0.0.1:64307 -> 127.0.0.1:9001",
  "timeline": {
    "first_seen": "2025-05-18 15:53:30.656249",
    "last_seen": "2025-05-18 15:53:30.668182"
  },
  "packet_count": 5,
  "total_size": 0,
  "md5_hash": "d41d8cd98f00b204e9800998ecf8427e",
  "payload_preview": "",
  "full_payload_truncated": false
}

{
  "connection_id": "127.0.0.1:64308 -> 127.0.0.1:9001",
  "timeline": {
    "first_seen": "2025-05-18 15:53:30.673458",
    "last_seen": "2025-05-18 15:53:30.683548"
  },
  "packet_count": 5,
  "total_size": 0,
  "md5_hash": "d41d8cd98f00b204e9800998ecf8427e",
  "payload_preview": "",
  "full_payload_truncated": false
}

{
  "connection_id": "127.0.0.1:64309 -> 127.0.0.1:9001",
  "timeline": {
    "first_seen": "2025-05-18 15:53:30.684611",
    "last_seen": "2025-05-18 15:53:30.701686"
  },
  "packet_count": 5,
  "total_size": 0,
  "md5_hash": "d41d8cd98f00b204e9800998ecf8427e",
  "payload_preview": "",
  "full_payload_truncated": false
}

{
  "connection_id": "127.0.0.1:64310 -> 127.0.0.1:9001",
  "timeline": {
    "first_seen": "2025-05-18 15:53:30.703993",
    "last_seen": "2025-05-18 15:53:55.518102"
  },
  "packet_count": 5004,
  "total_size": 23890,
  "md5_hash": "8ee216ce67c778accda0a524adc35cb6",
  "payload_preview": "0\n1\n2\n3\n4\n5\n6\n7\n8\n9\n10\n11\n12\n13\n14\n15\n16\n17\n18\n19\n20\n21\n22\n23\n24\n25\n26\n27\n28\n29\n30\n31\n32\n33\n34\n35\n36\n37\n38\n39\n40\n41\n42\n43\n44\n45\n46\n47\n48\n49\n50\n51\n52\n53\n54\n55\n56\n57\n58\n59\n60\n61\n62\n63\n64\n65\n66\n67\n68\n69\n70\n71\n72\n73\n74\n75\n76\n77\n78\n79\n80\n81\n82\n83\n84\n85\n86\n87\n88\n89\n90\n91\n92\n93\n94\n95\n96\n97\n98\n99\n100\n101\n102\n103\n104\n105\n106\n107\n108\n109\n110\n111\n112\n113\n114\n115\n116\n117\n118\n119\n120\n121\n122\n123\n124\n125\n126\n127\n128\n129\n130\n131\n132\n133\n134\n135\n136\n137\n138\n139\n140\n141\n142\n143\n144\n145\n146\n147\n148\n149\n150\n151\n15",
  "full_payload_truncated": true
}

{
  "connection_id": "127.0.0.1:64311 -> 127.0.0.1:9001",
  "timeline": {
    "first_seen": "2025-05-18 15:53:55.518102",
    "last_seen": "2025-05-18 15:53:55.531724"
  },
  "packet_count": 5,
  "total_size": 0,
  "md5_hash": "d41d8cd98f00b204e9800998ecf8427e",
  "payload_preview": "",
  "full_payload_truncated": false
}

{
  "connection_id": "127.0.0.1:64312 -> 127.0.0.1:9001",
  "timeline": {
    "first_seen": "2025-05-18 15:53:55.590829",
    "last_seen": "2025-05-18 15:54:19.858561"
  },
  "packet_count": 5004,
  "total_size": 23890,
  "md5_hash": "8ee216ce67c778accda0a524adc35cb6",
  "payload_preview": "0\n1\n2\n3\n4\n5\n6\n7\n8\n9\n10\n11\n12\n13\n14\n15\n16\n17\n18\n19\n20\n21\n22\n23\n24\n25\n26\n27\n28\n29\n30\n31\n32\n33\n34\n35\n36\n37\n38\n39\n40\n41\n42\n43\n44\n45\n46\n47\n48\n49\n50\n51\n52\n53\n54\n55\n56\n57\n58\n59\n60\n61\n62\n63\n64\n65\n66\n67\n68\n69\n70\n71\n72\n73\n74\n75\n76\n77\n78\n79\n80\n81\n82\n83\n84\n85\n86\n87\n88\n89\n90\n91\n92\n93\n94\n95\n96\n97\n98\n99\n100\n101\n102\n103\n104\n105\n106\n107\n108\n109\n110\n111\n112\n113\n114\n115\n116\n117\n118\n119\n120\n121\n122\n123\n124\n125\n126\n127\n128\n129\n130\n131\n132\n133\n134\n135\n136\n137\n138\n139\n140\n141\n142\n143\n144\n145\n146\n147\n148\n149\n150\n151\n15",
  "full_payload_truncated": true
}

{
  "connection_id": "127.0.0.1:64435-127.0.0.1:9001",
  "timeline": {
    "first_seen": "2025-05-18T16:04:40.442720",
    "last_seen": "2025-05-18T16:04:54.626756"
  },
  "packet_count": 1866,
  "total_size": 8210,
  "md5_hash": "6e2a8e800e38ec1a814940b9ed0a62d8",
  "payload_preview": "0\n1\n2\n3\n4\n5\n6\n7\n8\n9\n10\n11\n12\n13\n14\n15\n16\n17\n18\n19\n20\n21\n22\n23\n24\n25\n26\n27\n28\n29\n30\n31\n32\n33\n34\n35\n36\n37\n38\n39\n40\n41\n42\n43\n44\n45\n46\n47\n48\n49\n50\n51\n52\n53\n54\n55\n56\n57\n58\n59\n60\n61\n62\n63\n64\n65\n66\n67\n68\n69\n70\n71\n72\n73\n74\n75\n76\n77\n78\n79\n80\n81\n82\n83\n84\n85\n86\n87\n88\n89\n90\n91\n92\n93\n94\n95\n96\n97\n98\n99\n100\n101\n102\n103\n104\n105\n106\n107\n108\n109\n110\n111\n112\n113\n114\n115\n116\n117\n118\n119\n120\n121\n122\n123\n124\n125\n126\n127\n128\n129\n130\n131\n132\n133\n134\n135\n136\n137\n138\n139\n140\n141\n142\n143\n144\n145\n146\n147\n148\n149\n150\n151\n15",
  "full_payload_truncated": true
}

{
  "connection_id": "127.0.0.1:64436-127.0.0.1:9001",
  "timeline": {
    "first_seen": "2025-05-18T16:04:54.638413",
    "last_seen": "2025-05-18T16:04:54.782888"
  },
  "packet_count": 5,
  "total_size": 0,
  "md5_hash": "d41d8cd98f00b204e9800998ecf8427e",
  "payload_preview": "",
  "full_payload_truncated": false
}

{
  "connection_id": "127.0.0.1:64437-127.0.0.1:9001",
  "timeline": {
    "first_seen": "2025-05-18T16:04:54.798669",
    "last_seen": "2025-05-18T16:04:54.830763"
  },
  "packet_count": 5,
  "total_size": 0,
  "md5_hash": "d41d8cd98f00b204e9800998ecf8427e",
  "payload_preview": "",
  "full_payload_truncated": false
}

{
  "connection_id": "127.0.0.1:64447-127.0.0.1:9001",
  "timeline": {
    "first_seen": "2025-05-18T16:04:54.834789",
    "last_seen": "2025-05-18T16:04:54.914324"
  },
  "packet_count": 5,
  "total_size": 0,
  "md5_hash": "d41d8cd98f00b204e9800998ecf8427e",
  "payload_preview": "",
  "full_payload_truncated": false
}

{
  "connection_id": "127.0.0.1:64457-127.0.0.1:9001",
  "timeline": {
    "first_seen": "2025-05-18T16:05:30.831958",
    "last_seen": "2025-05-18T16:05:47.561581"
  },
  "packet_count": 3893,
  "total_size": 18345,
  "md5_hash": "ea4d9097a99b6764c3d15a5e741af48c",
  "payload_preview": "0\n1\n2\n3\n4\n5\n6\n7\n8\n9\n10\n11\n12\n13\n14\n15\n16\n17\n18\n19\n20\n21\n22\n23\n24\n25\n26\n27\n28\n29\n30\n31\n32\n33\n34\n35\n36\n37\n38\n39\n40\n41\n42\n43\n44\n45\n46\n47\n48\n49\n50\n51\n52\n53\n54\n55\n56\n57\n58\n59\n60\n61\n62\n63\n64\n65\n66\n67\n68\n69\n70\n71\n72\n73\n74\n75\n76\n77\n78\n79\n80\n81\n82\n83\n84\n85\n86\n87\n88\n89\n90\n91\n92\n93\n94\n95\n96\n97\n98\n99\n100\n101\n102\n103\n104\n105\n106\n107\n108\n109\n110\n111\n112\n113\n114\n115\n116\n117\n118\n119\n120\n121\n122\n123\n124\n125\n126\n127\n128\n129\n130\n131\n132\n133\n134\n135\n136\n137\n138\n139\n140\n141\n142\n143\n144\n145\n146\n147\n148\n149\n150\n151\n15",
  "full_payload_truncated": true
}

